[     129ms] [LOG] [Fast Refresh] rebuilding @ http://localhost:3000/_next/static/chunks/084p_next_dist_0~3.i_i._.js:2477
[     182ms] [LOG] [Fast Refresh] done in 160ms @ http://localhost:3000/_next/static/chunks/084p_next_dist_0~3.i_i._.js:2477
[     284ms] [INFO] %cDownload the React DevTools for a better development experience: https://react.dev/link/react-devtools font-weight:bold @ http://localhost:3000/_next/static/chunks/084p_next_dist_0~3.i_i._.js:2477
[     310ms] [LOG] [HMR] connected @ http://localhost:3000/_next/static/chunks/084p_next_dist_0~3.i_i._.js:2477
[   23393ms] [LOG] [Fast Refresh] rebuilding @ http://localhost:3000/_next/static/chunks/084p_next_dist_0~3.i_i._.js:2477
[   23459ms] [LOG] [Fast Refresh] done in 169ms @ http://localhost:3000/_next/static/chunks/084p_next_dist_0~3.i_i._.js:2477
[   23640ms] [LOG] [Fast Refresh] rebuilding @ http://localhost:3000/_next/static/chunks/084p_next_dist_0~3.i_i._.js:2477
[   23641ms] [LOG] [Fast Refresh] done in 115ms @ http://localhost:3000/_next/static/chunks/084p_next_dist_0~3.i_i._.js:2477
[  362406ms] [LOG] [HMR] connected @ http://localhost:3000/_next/static/chunks/084p_next_dist_0~3.i_i._.js:2477
[  362544ms] [LOG] [Fast Refresh] rebuilding @ http://localhost:3000/_next/static/chunks/084p_next_dist_0~3.i_i._.js:2477
[  362617ms] [LOG] [Fast Refresh] done in 183ms @ http://localhost:3000/_next/static/chunks/084p_next_dist_0~3.i_i._.js:2477
[  364675ms] [LOG] [Fast Refresh] rebuilding @ http://localhost:3000/_next/static/chunks/084p_next_dist_0~3.i_i._.js:2477
[  364675ms] [LOG] [Fast Refresh] done in 108ms @ http://localhost:3000/_next/static/chunks/084p_next_dist_0~3.i_i._.js:2477
[  716647ms] [LOG] [HMR] connected @ http://localhost:3000/_next/static/chunks/084p_next_dist_0~3.i_i._.js:2477
[  721152ms] [LOG] [Fast Refresh] rebuilding @ http://localhost:3000/_next/static/chunks/084p_next_dist_0~3.i_i._.js:2477
[  721203ms] [LOG] [Fast Refresh] done in 162ms @ http://localhost:3000/_next/static/chunks/084p_next_dist_0~3.i_i._.js:2477
[  727870ms] [LOG] [Fast Refresh] rebuilding @ http://localhost:3000/_next/static/chunks/084p_next_dist_0~3.i_i._.js:2477
[  727896ms] [LOG] [Fast Refresh] done in 130ms @ http://localhost:3000/_next/static/chunks/084p_next_dist_0~3.i_i._.js:2477
[  822147ms] [LOG] [Fast Refresh] rebuilding @ http://localhost:3000/_next/static/chunks/084p_next_dist_0~3.i_i._.js:2477
[  822416ms] [LOG] [Fast Refresh] done in 379ms @ http://localhost:3000/_next/static/chunks/084p_next_dist_0~3.i_i._.js:2477
[  903953ms] [LOG] [Fast Refresh] rebuilding @ http://localhost:3000/_next/static/chunks/084p_next_dist_0~3.i_i._.js:2477
[  903969ms] [LOG] [Fast Refresh] done in 129ms @ http://localhost:3000/_next/static/chunks/084p_next_dist_0~3.i_i._.js:2477
[  915675ms] [LOG] [Fast Refresh] rebuilding @ http://localhost:3000/_next/static/chunks/084p_next_dist_0~3.i_i._.js:2477
[  915921ms] [LOG] [Fast Refresh] done in 359ms @ http://localhost:3000/_next/static/chunks/084p_next_dist_0~3.i_i._.js:2477
[  920104ms] [LOG] [Fast Refresh] rebuilding @ http://localhost:3000/_next/static/chunks/084p_next_dist_0~3.i_i._.js:2477
[  920334ms] [LOG] [Fast Refresh] done in 336ms @ http://localhost:3000/_next/static/chunks/084p_next_dist_0~3.i_i._.js:2477
[  984302ms] [LOG] [Fast Refresh] rebuilding @ http://localhost:3000/_next/static/chunks/084p_next_dist_0~3.i_i._.js:2477
[  984531ms] [LOG] [Fast Refresh] done in 337ms @ http://localhost:3000/_next/static/chunks/084p_next_dist_0~3.i_i._.js:2477
[  988721ms] [LOG] [Fast Refresh] rebuilding @ http://localhost:3000/_next/static/chunks/084p_next_dist_0~3.i_i._.js:2477
[  988942ms] [LOG] [Fast Refresh] done in 329ms @ http://localhost:3000/_next/static/chunks/084p_next_dist_0~3.i_i._.js:2477
[  993239ms] [LOG] [Fast Refresh] rebuilding @ http://localhost:3000/_next/static/chunks/084p_next_dist_0~3.i_i._.js:2477
[  993596ms] [LOG] [Fast Refresh] done in 458ms @ http://localhost:3000/_next/static/chunks/084p_next_dist_0~3.i_i._.js:2477
